// Jest Snapshot v1, https://goo.gl/fbAQLP

exports[`Defaults has all the fields 1`] = `
Fields {
  "action_id": "ACTION_ID",
  "action_ts": "0000000000.000000",
  "api_app_id": "API_APP_ID",
  "authed_users": Array [
    "UUSERID",
  ],
  "block_id": "BLOCK_ID",
  "callback_id": "CALLBACK_ID",
  "channel": Object {
    "id": "CCHANNELID",
    "name": "channel",
  },
  "event_id": "EVENT_ID",
  "event_time": 1234567890,
  "response_url": "https://fake.slack/response_url",
  "team": Object {
    "domain": "team-domain",
    "id": "TTEAMID",
  },
  "text": "TEXT",
  "token": "TOKEN",
  "trigger_id": "TRIGGER_ID",
  "ts": "0000000000.000000",
  "user": Object {
    "id": "UUSERID",
    "name": "USER",
  },
  "value": "VALUE",
}
`;
