// Jest Snapshot v1, https://goo.gl/fbAQLP

exports[`Element composition markdown object renders 1`] = `
Object {
  "text": "Ravenclaw is obviously the best house.",
  "type": "mrkdwn",
}
`;

exports[`Element composition option object allows override truncateOptions for too long value 1`] = `
Object {
  "text": Object {
    "emoji": true,
    "text": "Why best?",
    "type": "plain_text",
  },
  "value": "012345678901234567890123456789012345678901234567890123456789012345678901234",
}
`;

exports[`Element composition option object renders 1`] = `
Object {
  "text": Object {
    "emoji": true,
    "text": "Why best?",
    "type": "plain_text",
  },
  "value": "why-best-raven",
}
`;

exports[`Element composition option object truncates ellipsis for text, description 1`] = `
Object {
  "description": Object {
    "text": "012345678901234567890123456789012345678901234567890123456789012345678901...",
    "type": "plain_text",
  },
  "text": Object {
    "emoji": true,
    "text": "012345678901234567890123456789012345678901234567890123456789012345678901...",
    "type": "plain_text",
  },
  "value": "why-best-raven",
}
`;

exports[`Element composition option object truncates url 1`] = `
Object {
  "text": Object {
    "emoji": true,
    "text": "Why best?",
    "type": "plain_text",
  },
  "url": "012345678901234567890123456789012345678901234567890123456789012345678901234567890123456789012345678901234567890123456789012345678901234567890123456789012345678901234567890123456789012345678901234567890123456789012345678901234567890123456789012345678901234567890123456789012345678901234567890123456789012345678901234567890123456789012345678901234567890123456789012345678901234567890123456789012345678901234567890123456789012345678901234567890123456789012345678901234567890123456789012345678901234567890123456789012345678901234567890123456789012345678901234567890123456789012345678901234567890123456789012345678901234567890123456789012345678901234567890123456789012345678901234567890123456789012345678901234567890123456789012345678901234567890123456789012345678901234567890123456789012345678901234567890123456789012345678901234567890123456789012345678901234567890123456789012345678901234567890123456789012345678901234567890123456789012345678901234567890123456789012345678901234567890123456789012345678901234567890123456789012345678901234567890123456789012345678901234567890123456789012345678901234567890123456789012345678901234567890123456789012345678901234567890123456789012345678901234567890123456789012345678901234567890123456789012345678901234567890123456789012345678901234567890123456789012345678901234567890123456789012345678901234567890123456789012345678901234567890123456789012345678901234567890123456789012345678901234567890123456789012345678901234567890123456789012345678901234567890123456789012345678901234567890123456789012345678901234567890123456789012345678901234567890123456789012345678901234567890123456789012345678901234567890123456789012345678901234567890123456789012345678901234567890123456789012345678901234567890123456789012345678901234567890123456789012345678901234567890123456789012345678901234567890123456789012345678901234567890123456789012345678901234567890123456789012345678901234567890123456789012345678901234567890123456789012345678901234567890123456789012345678901234567890123456789012345678901234567890123456789012345678901234567890123456789012345678901234567890123456789012345678901234567890123456789012345678901234567890123456789012345678901234567890123456789012345678901234567890123456789012345678901234567890123456789012345678901234567890123456789012345678901234567890123456789012345678901234567890123456789012345678901234567890123456789012345678901234567890123456789012345678901234567890123456789012345678901234567890123456789012345678901234567890123456789012345678901234567890123456789012345678901234567890123456789012345678901234567890123456789012345678901234567890123456789012345678901234567890123456789012345678901234567890123456789012345678901234567890123456789012345678901234567890123456789012345678901234567890123456789012345678901234567890123456789012345678901234567890123456789012345678901234567890123456789012345678901234567890123456789012345678901234567890123456789012345678901234567890123456789012345678901234567890123456789012345678901234567890123456789",
  "value": "why-best-raven",
}
`;

exports[`Element composition plaintext object renders 1`] = `
Object {
  "emoji": true,
  "text": "Ravenclaw is obviously the best house.",
  "type": "plain_text",
}
`;

exports[`Element composition plaintext object renders without emoji 1`] = `
Object {
  "emoji": false,
  "text": "Ravenclaw is obviously the best house.",
  "type": "plain_text",
}
`;
