// Jest Snapshot v1, https://goo.gl/fbAQLP

exports[`The index exports everything 1`] = `
Array [
  "Actions",
  "Context",
  "Divider",
  "Input",
  "Section",
  "MdSection",
  "FieldsSection",
  "Blocks",
  "Markdown",
  "PlainText",
  "OptionObject",
  "Button",
  "Image",
  "OverflowMenu",
  "PlainTextInputElement",
  "RadioInputElement",
  "StaticSelectInputElement",
  "DateString",
  "User",
]
`;
