// Jest Snapshot v1, https://goo.gl/fbAQLP

exports[`Truncation helpers applyLimiters function applies truncation functions to object properties 1`] = `
Object {
  "description": Object {
    "text": "ab â€¦",
  },
  "placeholder": "here",
  "text": "abcde",
  "value": "abcdef",
}
`;
